<area shape="rect" id="node1" href="src-veins-modules-messages-AckTimeOutMessage.html" title="Message AckTimeOutMessage" alt="" coords="5,5,165,31">
<area shape="rect" id="node2" href="src-veins-base-messages-AirFrame.html" title="Packet AirFrame" alt="" coords="190,5,271,31">
<area shape="rect" id="node3" href="src-veins-base-toolbox-Signal.html" title="Class Signal" alt="" coords="147,79,219,104">
<area shape="rect" id="node4" href="src-veins-base-utils-POA.html" title="Class POA" alt="" coords="243,79,315,104">
<area shape="rect" id="node5" href="src-veins-modules-messages-AirFrame11p.html" title="Message AirFrame11p" alt="" coords="295,5,401,31">
<area shape="rect" id="node6" href="src-veins-modules-messages-BaseFrame1609_4.html" title="Packet BaseFrame1609_4" alt="" coords="425,5,567,31">
<area shape="rect" id="node7" href="src-veins-base-utils-LAddress::L2Type.html" title="Class LAddress::L2Type" alt="" coords="561,79,695,104">
<area shape="rect" id="node8" href="src-veins-base-messages-BorderMsg.html" title="Packet BorderMsg" alt="" coords="887,5,979,31">
<area shape="rect" id="node9" href="src-veins-base-utils-Coord.html" title="Class Coord" alt="" coords="972,79,1044,104">
<area shape="rect" id="node10" href="src-veins-modules-application-icarnew-messages-ChannelMonitor.html" title="Message ChannelMonitor" alt="" coords="1189,5,1315,31">
<area shape="rect" id="node11" href="src-veins-modules-messages-DemoSafetyMessage.html" title="Packet DemoSafetyMessage" alt="" coords="1003,5,1165,31">
<area shape="rect" id="node12" href="src-veins-modules-messages-DemoServiceAdvertisment.html" title="Packet DemoServiceAdvertisment" alt="" coords="1339,5,1536,31">
<area shape="rect" id="node13" href="src-veins-modules-application-icarnew-messages-ICMessage.html" title="Packet ICMessage" alt="" coords="1560,5,1653,31">
<area shape="rect" id="node14" href="src-veins-modules-application-icarnew-messages-ICRMessage.html" title="Class ICRMessage" alt="" coords="1678,5,1781,31">
<area shape="rect" id="node15" href="src-veins-modules-application-icarnew-messages-ICRNode.html" title="Class ICRNode" alt="" coords="1690,79,1769,104">
<area shape="rect" id="node16" href="src-veins-base-utils-LAddress.html" title="Class LAddress" alt="" coords="1805,5,1888,31">
<area shape="rect" id="node17" href="src-veins-base-messages-MacPkt.html" title="Packet MacPkt" alt="" coords="592,5,664,31">
<area shape="rect" id="node18" href="src-veins-modules-application-traci-TraCIDemo11pMessage.html" title="Packet TraCIDemo11pMessage" alt="" coords="689,5,863,31">
<area shape="rect" id="node19" href="src-veins-modules-messages-Mac80211Ack.html" title="Packet Mac80211Ack" alt="" coords="1913,5,2026,31">
<area shape="rect" id="node20" href="src-veins-modules-messages-Mac80211Pkt.html" title="Packet Mac80211Pkt" alt="" coords="2050,5,2161,31">
<area shape="rect" id="node21" href="src-veins-modules-messages-PhyControlMessage.html" title="Message PhyControlMessage" alt="" coords="2185,5,2335,31">
<area shape="rect" id="node22" href="src-veins-modules-messages-TraCITrafficLightMessage.html" title="Message TraCITrafficLightMessage" alt="" coords="2359,5,2542,31">
<area shape="rect" id="node23" href="src-veins-modules-messages-TrafficLightAtrributeType.html" title="Enum TrafficLightAtrributeType" alt="" coords="2566,5,2746,31">
<area shape="rect" id="node24" href="src-veins-modules-messages-TrafficLightChangeSource.html" title="Enum TrafficLightChangeSource" alt="" coords="2771,5,2957,31">
