<area shape="rect" id="node1" href="src-veins-modules-messages-AckTimeOutMessage.html" title="Message AckTimeOutMessage" alt="" coords="5,5,165,31">
<area shape="rect" id="node2" href="src-veins-base-messages-AirFrame.html" title="Packet AirFrame" alt="" coords="190,5,271,31">
<area shape="rect" id="node3" href="src-veins-modules-messages-AirFrame11p.html" title="Message AirFrame11p" alt="" coords="178,79,283,104">
<area shape="rect" id="node4" href="src-veins-modules-messages-BaseFrame1609_4.html" title="Packet BaseFrame1609_4" alt="" coords="690,5,833,31">
<area shape="rect" id="node5" href="src-veins-modules-messages-DemoSafetyMessage.html" title="Packet DemoSafetyMessage" alt="" coords="307,79,469,104">
<area shape="rect" id="node6" href="src-veins-modules-messages-DemoServiceAdvertisment.html" title="Packet DemoServiceAdvertisment" alt="" coords="493,79,691,104">
<area shape="rect" id="node7" href="src-veins-modules-application-icarnew-messages-ICMessage.html" title="Packet ICMessage" alt="" coords="715,79,808,104">
<area shape="rect" id="node8" href="src-veins-modules-application-icarnew-messages-ICRMessage.html" title="Class ICRMessage" alt="" coords="833,79,935,104">
<area shape="rect" id="node9" href="src-veins-modules-application-traci-TraCIDemo11pMessage.html" title="Packet TraCIDemo11pMessage" alt="" coords="959,79,1134,104">
<area shape="rect" id="node10" href="src-veins-base-messages-BorderMsg.html" title="Packet BorderMsg" alt="" coords="857,5,949,31">
<area shape="rect" id="node11" href="src-veins-modules-application-icarnew-messages-ChannelMonitor.html" title="Message ChannelMonitor" alt="" coords="973,5,1099,31">
<area shape="rect" id="node12" href="src-veins-base-utils-Coord.html" title="Class Coord" alt="" coords="1123,5,1195,31">
<area shape="rect" id="node13" href="src-veins-modules-application-icarnew-messages-ICRNode.html" title="Class ICRNode" alt="" coords="1219,5,1298,31">
<area shape="rect" id="node14" href="src-veins-base-utils-LAddress.html" title="Class LAddress" alt="" coords="1323,5,1405,31">
<area shape="rect" id="node15" href="src-veins-base-utils-LAddress::L2Type.html" title="Class LAddress::L2Type" alt="" coords="1430,5,1565,31">
<area shape="rect" id="node16" href="src-veins-modules-messages-Mac80211Ack.html" title="Packet Mac80211Ack" alt="" coords="1569,152,1682,177">
<area shape="rect" id="node17" href="src-veins-modules-messages-Mac80211Pkt.html" title="Packet Mac80211Pkt" alt="" coords="1570,79,1681,104">
<area shape="rect" id="node18" href="src-veins-base-messages-MacPkt.html" title="Packet MacPkt" alt="" coords="1589,5,1661,31">
<area shape="rect" id="node19" href="src-veins-modules-messages-PhyControlMessage.html" title="Message PhyControlMessage" alt="" coords="1686,5,1837,31">
<area shape="rect" id="node20" href="src-veins-base-utils-POA.html" title="Class POA" alt="" coords="1861,5,1933,31">
<area shape="rect" id="node21" href="src-veins-base-toolbox-Signal.html" title="Class Signal" alt="" coords="1957,5,2029,31">
<area shape="rect" id="node22" href="src-veins-modules-messages-TraCITrafficLightMessage.html" title="Message TraCITrafficLightMessage" alt="" coords="2054,5,2237,31">
<area shape="rect" id="node23" href="src-veins-modules-messages-TrafficLightAtrributeType.html" title="Enum TrafficLightAtrributeType" alt="" coords="2261,5,2441,31">
<area shape="rect" id="node24" href="src-veins-modules-messages-TrafficLightChangeSource.html" title="Enum TrafficLightChangeSource" alt="" coords="2465,5,2652,31">
