<area shape="rect" id="node1" href="org.car2x.veins.nodes.Scenario.html" title="Network Scenario" alt="" coords="488,5,567,31">
<area shape="rect" id="node2" href="org.car2x.veins.modules.obstacle.ObstacleControl.html" title="Simple Module ObstacleControl" alt="" coords="5,79,132,104">
<area shape="rect" id="node3" href="org.car2x.veins.visualizer.roads.RoadsCanvasVisualizer.html" title="Simple Module RoadsCanvasVisualizer" alt="" coords="156,79,331,104">
<area shape="rect" id="node4" href="org.car2x.veins.nodes.Car.html" title="Compound Module Car" alt="" coords="355,79,427,104">
<area shape="rect" id="node5" href="org.car2x.veins.base.connectionManager.ConnectionManager.html" title="Simple Module ConnectionManager" alt="" coords="451,79,603,104">
<area shape="rect" id="node6" href="org.car2x.veins.modules.mobility.traci.TraCIScenarioManagerLaunchd.html" title="Simple Module TraCIScenarioManagerLaunchd" alt="" coords="627,79,849,104">
<area shape="rect" id="node7" href="org.car2x.veins.base.modules.BaseWorldUtility.html" title="Simple Module BaseWorldUtility" alt="" coords="873,79,1003,104">
<area shape="rect" id="node8" href="org.car2x.veins.modules.world.annotations.AnnotationManager.html" title="Simple Module AnnotationManager" alt="" coords="1028,79,1179,104">
